[1/30] activity: starting...
  -> max_page=10  hit_bottom=False  single_page=False
[2/30] aside: starting...
  -> max_page=10  hit_bottom=False  single_page=False
[3/30] blog: starting...
  -> max_page=10  hit_bottom=False  single_page=False
[4/30] boat: starting...
  -> max_page=10  hit_bottom=False  single_page=False
[5/30] boyfriend: starting...
  -> max_page=10  hit_bottom=False  single_page=False
[6/30] business: starting...
  -> max_page=10  hit_bottom=False  single_page=False
[7/30] character: starting...
  -> max_page=10  hit_bottom=False  single_page=False
[8/30] college: starting...
  -> max_page=10  hit_bottom=False  single_page=False
[9/30] corporation: starting...
  -> max_page=10  hit_bottom=False  single_page=False
[10/30] customer: starting...
  -> max_page=10  hit_bottom=False  single_page=False
[11/30] daughter: starting...
  -> max_page=10  hit_bottom=False  single_page=False
[12/30] device: starting...
  -> max_page=10  hit_bottom=False  single_page=False
[13/30] door: starting...
  -> max_page=10  hit_bottom=False  single_page=False
[14/30] equivalent: starting...
  -> max_page=10  hit_bottom=False  single_page=False
[15/30] escape: starting...
  -> max_page=10  hit_bottom=False  single_page=False
[16/30] form: starting...
  -> max_page=10  hit_bottom=False  single_page=False
[17/30] government: starting...
  -> max_page=10  hit_bottom=False  single_page=False
[18/30] jail: starting...
  -> max_page=10  hit_bottom=False  single_page=False
[19/30] morning: starting...
  -> max_page=10  hit_bottom=False  single_page=False
[20/30] nothing: starting...
  -> max_page=9  hit_bottom=True  single_page=False
[21/30] peace: starting...
  -> max_page=10  hit_bottom=False  single_page=False
[22/30] position: starting...
  -> max_page=10  hit_bottom=False  single_page=False
[23/30] situation: starting...
  -> max_page=8  hit_bottom=True  single_page=False
[24/30] squad: starting...
  -> max_page=10  hit_bottom=False  single_page=False
[25/30] study: starting...
  -> max_page=10  hit_bottom=False  single_page=False
[26/30] success: starting...
  -> max_page=10  hit_bottom=False  single_page=False
[27/30] surprise: starting...
  -> max_page=10  hit_bottom=False  single_page=False
[28/30] television: starting...
  -> max_page=10  hit_bottom=False  single_page=False
[29/30] vice: starting...
  -> max_page=10  hit_bottom=False  single_page=False
[30/30] week: starting...
  -> max_page=10  hit_bottom=False  single_page=False

Metadata written: csv/revision_results/R2_6b_page_metadata.csv
